---
source: crates/cli_bin/tests/parse.rs
expression: "parsed_lines[0]"
---
__typename: PatternInfo
messages: []
variables:
  - name: $new_files
    scopedName: 0_0_$new_files
    ranges: []
  - name: $program
    scopedName: 0_1_$program
    ranges: []
  - name: $filename
    scopedName: 0_2_$filename
    ranges: []
  - name: $absolute_filename
    scopedName: 0_3_$absolute_filename
    ranges: []
  - name: $match
    scopedName: 11_0_$match
    ranges: []
  - name: $body
    scopedName: 12_0_$body
    ranges:
      - start: 32
        end: 37
  - name: $args
    scopedName: 12_1_$args
    ranges:
      - start: 23
        end: 28
  - name: $body
    scopedName: 13_0_$body
    ranges:
      - start: 63
        end: 68
  - name: $args
    scopedName: 13_1_$args
    ranges:
      - start: 51
        end: 56
sourceFile: "or { bubble `function ($args) { $body }`, bubble `($args) => { $body }` }"
parsedPattern: "[..]"
valid: true
